// Vitest Snapshot v1, https://vitest.dev/guide/snapshot.html

exports[`message > empty 1`] = `null`;

exports[`message > text 1`] = `
<div
  class="border-pink border-l-4 bg-neutral-50 shadow-sm relative mb-4 mt-1 block py-px pl-3 pr-9"
>
  <p
    class="text-dark my-2 p-0.5 text-sm"
  >
    This is an admin message.
  </p>
  <button
    class="m-0 cursor-pointer border-none bg-none p-2 absolute right-1 top-0 dashicons-before before:content-dismiss before:text-base before:block before:h-5 before:w-5 before:bg-none"
    type="button"
  />
</div>
`;
